Archive member included to satisfy reference by file (symbol)

C:/ST/STM32CubeIDE_1.13.2/STM32CubeIDE/plugins/com.st.stm32cube.ide.mcu.externaltools.gnu-tools-for-stm32.11.3.rel1.win32_1.1.1.202309131626/tools/bin/../lib/gcc/arm-none-eabi/11.3.1/../../../../arm-none-eabi/lib/thumb/v7e-m+fp/hard\libc_nano.a(libc_a-exit.o)
                              C:/ST/STM32CubeIDE_1.13.2/STM32CubeIDE/plugins/com.st.stm32cube.ide.mcu.externaltools.gnu-tools-for-stm32.11.3.rel1.win32_1.1.1.202309131626/tools/bin/../lib/gcc/arm-none-eabi/11.3.1/../../../../arm-none-eabi/lib/thumb/v7e-m+fp/hard/crt0.o (exit)
C:/ST/STM32CubeIDE_1.13.2/STM32CubeIDE/plugins/com.st.stm32cube.ide.mcu.externaltools.gnu-tools-for-stm32.11.3.rel1.win32_1.1.1.202309131626/tools/bin/../lib/gcc/arm-none-eabi/11.3.1/../../../../arm-none-eabi/lib/thumb/v7e-m+fp/hard\libc_nano.a(libc_a-findfp.o)
                              C:/ST/STM32CubeIDE_1.13.2/STM32CubeIDE/plugins/com.st.stm32cube.ide.mcu.externaltools.gnu-tools-for-stm32.11.3.rel1.win32_1.1.1.202309131626/tools/bin/../lib/gcc/arm-none-eabi/11.3.1/../../../../arm-none-eabi/lib/thumb/v7e-m+fp/hard\libc_nano.a(libc_a-exit.o) (__stdio_exit_handler)
C:/ST/STM32CubeIDE_1.13.2/STM32CubeIDE/plugins/com.st.stm32cube.ide.mcu.externaltools.gnu-tools-for-stm32.11.3.rel1.win32_1.1.1.202309131626/tools/bin/../lib/gcc/arm-none-eabi/11.3.1/../../../../arm-none-eabi/lib/thumb/v7e-m+fp/hard\libc_nano.a(libc_a-fwalk.o)
                              C:/ST/STM32CubeIDE_1.13.2/STM32CubeIDE/plugins/com.st.stm32cube.ide.mcu.externaltools.gnu-tools-for-stm32.11.3.rel1.win32_1.1.1.202309131626/tools/bin/../lib/gcc/arm-none-eabi/11.3.1/../../../../arm-none-eabi/lib/thumb/v7e-m+fp/hard\libc_nano.a(libc_a-findfp.o) (_fwalk_sglue)
C:/ST/STM32CubeIDE_1.13.2/STM32CubeIDE/plugins/com.st.stm32cube.ide.mcu.externaltools.gnu-tools-for-stm32.11.3.rel1.win32_1.1.1.202309131626/tools/bin/../lib/gcc/arm-none-eabi/11.3.1/../../../../arm-none-eabi/lib/thumb/v7e-m+fp/hard\libc_nano.a(libc_a-stdio.o)
                              C:/ST/STM32CubeIDE_1.13.2/STM32CubeIDE/plugins/com.st.stm32cube.ide.mcu.externaltools.gnu-tools-for-stm32.11.3.rel1.win32_1.1.1.202309131626/tools/bin/../lib/gcc/arm-none-eabi/11.3.1/../../../../arm-none-eabi/lib/thumb/v7e-m+fp/hard\libc_nano.a(libc_a-findfp.o) (__sread)
C:/ST/STM32CubeIDE_1.13.2/STM32CubeIDE/plugins/com.st.stm32cube.ide.mcu.externaltools.gnu-tools-for-stm32.11.3.rel1.win32_1.1.1.202309131626/tools/bin/../lib/gcc/arm-none-eabi/11.3.1/../../../../arm-none-eabi/lib/thumb/v7e-m+fp/hard\libc_nano.a(libc_a-memset.o)
                              C:/ST/STM32CubeIDE_1.13.2/STM32CubeIDE/plugins/com.st.stm32cube.ide.mcu.externaltools.gnu-tools-for-stm32.11.3.rel1.win32_1.1.1.202309131626/tools/bin/../lib/gcc/arm-none-eabi/11.3.1/../../../../arm-none-eabi/lib/thumb/v7e-m+fp/hard/crt0.o (memset)
C:/ST/STM32CubeIDE_1.13.2/STM32CubeIDE/plugins/com.st.stm32cube.ide.mcu.externaltools.gnu-tools-for-stm32.11.3.rel1.win32_1.1.1.202309131626/tools/bin/../lib/gcc/arm-none-eabi/11.3.1/../../../../arm-none-eabi/lib/thumb/v7e-m+fp/hard\libc_nano.a(libc_a-closer.o)
                              C:/ST/STM32CubeIDE_1.13.2/STM32CubeIDE/plugins/com.st.stm32cube.ide.mcu.externaltools.gnu-tools-for-stm32.11.3.rel1.win32_1.1.1.202309131626/tools/bin/../lib/gcc/arm-none-eabi/11.3.1/../../../../arm-none-eabi/lib/thumb/v7e-m+fp/hard\libc_nano.a(libc_a-stdio.o) (_close_r)
C:/ST/STM32CubeIDE_1.13.2/STM32CubeIDE/plugins/com.st.stm32cube.ide.mcu.externaltools.gnu-tools-for-stm32.11.3.rel1.win32_1.1.1.202309131626/tools/bin/../lib/gcc/arm-none-eabi/11.3.1/../../../../arm-none-eabi/lib/thumb/v7e-m+fp/hard\libc_nano.a(libc_a-reent.o)
                              C:/ST/STM32CubeIDE_1.13.2/STM32CubeIDE/plugins/com.st.stm32cube.ide.mcu.externaltools.gnu-tools-for-stm32.11.3.rel1.win32_1.1.1.202309131626/tools/bin/../lib/gcc/arm-none-eabi/11.3.1/../../../../arm-none-eabi/lib/thumb/v7e-m+fp/hard\libc_nano.a(libc_a-closer.o) (errno)
C:/ST/STM32CubeIDE_1.13.2/STM32CubeIDE/plugins/com.st.stm32cube.ide.mcu.externaltools.gnu-tools-for-stm32.11.3.rel1.win32_1.1.1.202309131626/tools/bin/../lib/gcc/arm-none-eabi/11.3.1/../../../../arm-none-eabi/lib/thumb/v7e-m+fp/hard\libc_nano.a(libc_a-impure.o)
                              C:/ST/STM32CubeIDE_1.13.2/STM32CubeIDE/plugins/com.st.stm32cube.ide.mcu.externaltools.gnu-tools-for-stm32.11.3.rel1.win32_1.1.1.202309131626/tools/bin/../lib/gcc/arm-none-eabi/11.3.1/../../../../arm-none-eabi/lib/thumb/v7e-m+fp/hard\libc_nano.a(libc_a-reent.o) (_impure_ptr)
C:/ST/STM32CubeIDE_1.13.2/STM32CubeIDE/plugins/com.st.stm32cube.ide.mcu.externaltools.gnu-tools-for-stm32.11.3.rel1.win32_1.1.1.202309131626/tools/bin/../lib/gcc/arm-none-eabi/11.3.1/../../../../arm-none-eabi/lib/thumb/v7e-m+fp/hard\libc_nano.a(libc_a-lseekr.o)
[...]
Memory Configuration

Name             Origin             Length             Attributes
RAM              0x0000000020000000 0x0000000000010000 xrw
FLASH            0x0000000008000000 0x0000000000040000 xr
*default*        0x0000000000000000 0xffffffffffffffff

Linker script and memory map

LOAD C:/ST/STM32CubeIDE_1.13.2/STM32CubeIDE/plugins/com.st.stm32cube.ide.mcu.externaltools.gnu-tools-for-stm32.11.3.rel1.win32_1.1.1.202309131626/tools/bin/../lib/gcc/arm-none-eabi/11.3.1/thumb/v7e-m+fp/hard/crti.o
LOAD C:/ST/STM32CubeIDE_1.13.2/STM32CubeIDE/plugins/com.st.stm32cube.ide.mcu.externaltools.gnu-tools-for-stm32.11.3.rel1.win32_1.1.1.202309131626/tools/bin/../lib/gcc/arm-none-eabi/11.3.1/thumb/v7e-m+fp/hard/crtbegin.o
LOAD C:/ST/STM32CubeIDE_1.13.2/STM32CubeIDE/plugins/com.st.stm32cube.ide.mcu.externaltools.gnu-tools-for-stm32.11.3.rel1.win32_1.1.1.202309131626/tools/bin/../lib/gcc/arm-none-eabi/11.3.1/../../../../arm-none-eabi/lib/thumb/v7e-m+fp/hard/crt0.o
LOAD ./Src/App/main.o
LOAD ./Src/HAL/LCD/LCD_prg.o
LOAD ./Src/HAL/LDR/LDR_prog.o
LOAD ./Src/HAL/LM35/LM35_program.o
LOAD ./Src/MCAL/ADC/ADC.o
LOAD ./Src/MCAL/GPIO/MGPIO_program.o
LOAD ./Src/MCAL/NVIC/NVIC_program.o
LOAD ./Src/MCAL/RCC/MRCC_prog.o
LOAD ./Src/MCAL/SysTick/SysTick_program.o
LOAD ./Src/MCAL/UART/UART_prg.o
LOAD ./Src/syscalls.o
LOAD ./Src/sysmem.o
LOAD ./Startup/startup_stm32f401rctx.o
START GROUP
LOAD C:/ST/STM32CubeIDE_1.13.2/STM32CubeIDE/plugins/com.st.stm32cube.ide.mcu.externaltools.gnu-tools-for-stm32.11.3.rel1.win32_1.1.1.202309131626/tools/bin/../lib/gcc/arm-none-eabi/11.3.1/../../../../arm-none-eabi/lib/thumb/v7e-m+fp/hard\libc_nano.a
LOAD C:/ST/STM32CubeIDE_1.13.2/STM32CubeIDE/plugins/com.st.stm32cube.ide.mcu.externaltools.gnu-tools-for-stm32.11.3.rel1.win32_1.1.1.202309131626/tools/bin/../lib/gcc/arm-none-eabi/11.3.1/../../../../arm-none-eabi/lib/thumb/v7e-m+fp/hard\libm.a
END GROUP
START GROUP
LOAD C:/ST/STM32CubeIDE_1.13.2/STM32CubeIDE/plugins/com.st.stm32cube.ide.mcu.externaltools.gnu-tools-for-stm32.11.3.rel1.win32_1.1.1.202309131626/tools/bin/../lib/gcc/arm-none-eabi/11.3.1/thumb/v7e-m+fp/hard\libgcc.a
LOAD C:/ST/STM32CubeIDE_1.13.2/STM32CubeIDE/plugins/com.st.stm32cube.ide.mcu.externaltools.gnu-tools-for-stm32.11.3.rel1.win32_1.1.1.202309131626/tools/bin/../lib/gcc/arm-none-eabi/11.3.1/../../../../arm-none-eabi/lib/thumb/v7e-m+fp/hard\libc_nano.a
END GROUP
START GROUP
LOAD C:/ST/STM32CubeIDE_1.13.2/STM32CubeIDE/plugins/com.st.stm32cube.ide.mcu.externaltools.gnu-tools-for-stm32.11.3.rel1.win32_1.1.1.202309131626/tools/bin/../lib/gcc/arm-none-eabi/11.3.1/thumb/v7e-m+fp/hard\libgcc.a
LOAD C:/ST/STM32CubeIDE_1.13.2/STM32CubeIDE/plugins/com.st.stm32cube.ide.mcu.externaltools.gnu-tools-for-stm32.11.3.rel1.win32_1.1.1.202309131626/tools/bin/../lib/gcc/arm-none-eabi/11.3.1/../../../../arm-none-eabi/lib/thumb/v7e-m+fp/hard\libc_nano.a
LOAD C:/ST/STM32CubeIDE_1.13.2/STM32CubeIDE/plugins/com.st.stm32cube.ide.mcu.externaltools.gnu-tools-for-stm32.11.3.rel1.win32_1.1.1.202309131626/tools/bin/../lib/gcc/arm-none-eabi/11.3.1/../../../../arm-none-eabi/lib/thumb/v7e-m+fp/hard\libnosys.a
END GROUP
START GROUP
LOAD C:/ST/STM32CubeIDE_1.13.2/STM32CubeIDE/plugins/com.st.stm32cube.ide.mcu.externaltools.gnu-tools-for-stm32.11.3.rel1.win32_1.1.1.202309131626/tools/bin/../lib/gcc/arm-none-eabi/11.3.1/thumb/v7e-m+fp/hard\libgcc.a
LOAD C:/ST/STM32CubeIDE_1.13.2/STM32CubeIDE/plugins/com.st.stm32cube.ide.mcu.externaltools.gnu-tools-for-stm32.11.3.rel1.win32_1.1.1.202309131626/tools/bin/../lib/gcc/arm-none-eabi/11.3.1/../../../../arm-none-eabi/lib/thumb/v7e-m+fp/hard\libc_nano.a
LOAD C:/ST/STM32CubeIDE_1.13.2/STM32CubeIDE/plugins/com.st.stm32cube.ide.mcu.externaltools.gnu-tools-for-stm32.11.3.rel1.win32_1.1.1.202309131626/tools/bin/../lib/gcc/arm-none-eabi/11.3.1/../../../../arm-none-eabi/lib/thumb/v7e-m+fp/hard\libnosys.a
END GROUP
LOAD C:/ST/STM32CubeIDE_1.13.2/STM32CubeIDE/plugins/com.st.stm32cube.ide.mcu.externaltools.gnu-tools-for-stm32.11.3.rel1.win32_1.1.1.202309131626/tools/bin/../lib/gcc/arm-none-eabi/11.3.1/thumb/v7e-m+fp/hard/crtend.o
LOAD C:/ST/STM32CubeIDE_1.13.2/STM32CubeIDE/plugins/com.st.stm32cube.ide.mcu.externaltools.gnu-tools-for-stm32.11.3.rel1.win32_1.1.1.202309131626/tools/bin/../lib/gcc/arm-none-eabi/11.3.1/thumb/v7e-m+fp/hard/crtn.o
                0x0000000020010000                _estack = (ORIGIN (RAM) + LENGTH (RAM))
                0x0000000000000200                _Min_Heap_Size = 0x200
                0x0000000000000400                _Min_Stack_Size = 0x400

.isr_vector     0x0000000008000000      0x194
                0x0000000008000000                . = ALIGN (0x4)
 *(.isr_vector)
 .isr_vector    0x0000000008000000      0x194 ./Startup/startup_stm32f401rctx.o
                0x0000000008000000                g_pfnVectors
                0x0000000008000194                . = ALIGN (0x4)

.text           0x0000000008000198     0x21e4
                0x0000000008000198                . = ALIGN (0x4)
 *(.text)
 .text          0x0000000008000198       0x40 C:/ST/STM32CubeIDE_1.13.2/STM32CubeIDE/plugins/com.st.stm32cube.ide.mcu.externaltools.gnu-tools-for-stm32.11.3.rel1.win32_1.1.1.202309131626/tools/bin/../lib/gcc/arm-none-eabi/11.3.1/thumb/v7e-m+fp/hard/crtbegin.o
 .text          0x00000000080001d8      0x378 C:/ST/STM32CubeIDE_1.13.2/STM32CubeIDE/plugins/com.st.stm32cube.ide.mcu.externaltools.gnu-tools-for-stm32.11.3.rel1.win32_1.1.1.202309131626/tools/bin/../lib/gcc/arm-none-eabi/11.3.1/thumb/v7e-m+fp/hard\libgcc.a(_arm_addsubdf3.o)
                0x00000000080001d8                __aeabi_drsub
                0x00000000080001e0                __aeabi_dsub
                0x00000000080001e0                __subdf3
                0x00000000080001e4                __aeabi_dadd
                0x00000000080001e4                __adddf3
                0x000000000800045c                __floatunsidf
                0x000000000800045c                __aeabi_ui2d
                0x000000000800047c                __floatsidf
                0x000000000800047c                __aeabi_i2d
                0x00000000080004a0                __aeabi_f2d
                0x00000000080004a0                __extendsfdf2
                0x00000000080004e4                __floatundidf
                0x00000000080004e4                __aeabi_ul2d
                0x00000000080004f4                __floatdidf
                0x00000000080004f4                __aeabi_l2d
 .text          0x0000000008000550      0x424 C:/ST/STM32CubeIDE_1.13.2/STM32CubeIDE/plugins/com.st.stm32cube.ide.mcu.externaltools.gnu-tools-for-stm32.11.3.rel1.win32_1.1.1.202309131626/tools/bin/../lib/gcc/arm-none-eabi/11.3.1/thumb/v7e-m+fp/hard\libgcc.a(_arm_muldivdf3.o)
                0x0000000008000550                __aeabi_dmul
                0x0000000008000550                __muldf3
                0x00000000080007a4                __divdf3
                0x00000000080007a4                __aeabi_ddiv
 .text          0x0000000008000974       0x40 C:/ST/STM32CubeIDE_1.13.2/STM32CubeIDE/plugins/com.st.stm32cube.ide.mcu.externaltools.gnu-tools-for-stm32.11.3.rel1.win32_1.1.1.202309131626/tools/bin/../lib/gcc/arm-none-eabi/11.3.1/thumb/v7e-m+fp/hard\libgcc.a(_arm_fixunsdfsi.o)
                0x0000000008000974                __aeabi_d2uiz
                0x0000000008000974                __fixunsdfsi
 *(.text*)
 .text.UART_Call_back
                0x00000000080009b4       0x68 ./Src/App/main.o
                0x00000000080009b4                UART_Call_back
 .text.send_data
                0x0000000008000a1c      0x144 ./Src/App/main.o
                0x0000000008000a1c                send_data
 .text.tempSensor
                0x0000000008000b60       0x9c ./Src/App/main.o
                0x0000000008000b60                tempSensor
 .text.gasSensor
                0x0000000008000bfc       0x40 ./Src/App/main.o
                0x0000000008000bfc                gasSensor
 .text.LDR_Sensor
                0x0000000008000c3c       0x40 ./Src/App/main.o
                0x0000000008000c3c                LDR_Sensor
 .text.main     0x0000000008000c7c      0x2a0 ./Src/App/main.o
                0x0000000008000c7c                main
 .text.LCD_vidSendEnable
                0x0000000008000f1c       0x22 ./Src/HAL/LCD/LCD_prg.o
 .text.LCD_VidInit
                0x0000000008000f3e       0x44 ./Src/HAL/LCD/LCD_prg.o
                0x0000000008000f3e                LCD_VidInit
 .text.LCD_enuSendCharacter
                0x0000000008000f82       0xee ./Src/HAL/LCD/LCD_prg.o
                0x0000000008000f82                LCD_enuSendCharacter
 .text.LCD_enuSendInstruction
                0x0000000008001070       0xf4 ./Src/HAL/LCD/LCD_prg.o
                0x0000000008001070                LCD_enuSendInstruction
 .text.LCD_enuGoTo
                0x0000000008001164       0x58 ./Src/HAL/LCD/LCD_prg.o
                0x0000000008001164                LCD_enuGoTo
 .text.LCD_enuSendString
                0x00000000080011bc       0x3a ./Src/HAL/LCD/LCD_prg.o
                0x00000000080011bc                LCD_enuSendString
 *fill*         0x00000000080011f6        0x2 
 .text.LCD_enuSendNumber
                0x00000000080011f8       0x98 ./Src/HAL/LCD/LCD_prg.o
                0x00000000080011f8                LCD_enuSendNumber
 .text.LDR_u32_Get_value
                0x0000000008001290       0x20 ./Src/HAL/LDR/LDR_prog.o
                0x0000000008001290                LDR_u32_Get_value
 .text.LM35_vidInit
                0x00000000080012b0        0xc ./Src/HAL/LM35/LM35_program.o
                0x00000000080012b0                LM35_vidInit
 .text.LM35_u16_Get_Temp
                0x00000000080012bc       0x40 ./Src/HAL/LM35/LM35_program.o
                0x00000000080012bc                LM35_u16_Get_Temp
 .text.ADC_voidInit
                0x00000000080012fc       0x48 ./Src/MCAL/ADC/ADC.o
                0x00000000080012fc                ADC_voidInit
 .text.ADC_u16Read
                0x0000000008001344       0x48 ./Src/MCAL/ADC/ADC.o
                0x0000000008001344                ADC_u16Read
 .text.MGPIO_voidSetPinMode
                0x000000000800138c       0xf0 ./Src/MCAL/GPIO/MGPIO_program.o
                0x000000000800138c                MGPIO_voidSetPinMode
 .text.MGPIO_voidSetPullType
                0x000000000800147c       0xe0 ./Src/MCAL/GPIO/MGPIO_program.o
                0x000000000800147c                MGPIO_voidSetPullType
 .text.MGPIO_u8ReadData
                0x000000000800155c       0xd8 ./Src/MCAL/GPIO/MGPIO_program.o
                0x000000000800155c                MGPIO_u8ReadData
 .text.MGPIO_voidWriteData
                0x0000000008001634      0x1a8 ./Src/MCAL/GPIO/MGPIO_program.o
                0x0000000008001634                MGPIO_voidWriteData
 .text.MGPIO_voidSetPinAltFn
                0x00000000080017dc      0x1c8 ./Src/MCAL/GPIO/MGPIO_program.o
                0x00000000080017dc                MGPIO_voidSetPinAltFn
 .text.MNVIC_vInterrupt_SetEnable
                0x00000000080019a4       0x44 ./Src/MCAL/NVIC/NVIC_program.o
                0x00000000080019a4                MNVIC_vInterrupt_SetEnable
 .text.MRCC_voidEnablePeripheralClock
                0x00000000080019e8       0xa4 ./Src/MCAL/RCC/MRCC_prog.o
                0x00000000080019e8                MRCC_voidEnablePeripheralClock
 .text.MRCC_voidInitClock
                0x0000000008001a8c      0x1f4 ./Src/MCAL/RCC/MRCC_prog.o
                0x0000000008001a8c                MRCC_voidInitClock
 .text.SysTick_vInit
                0x0000000008001c80       0x2c ./Src/MCAL/SysTick/SysTick_program.o
                0x0000000008001c80                SysTick_vInit
 .text.SysTick_vSetValue
                0x0000000008001cac       0x40 ./Src/MCAL/SysTick/SysTick_program.o
                0x0000000008001cac                SysTick_vSetValue
 .text.SysTick_u8GetFlag
                0x0000000008001cec       0x20 ./Src/MCAL/SysTick/SysTick_program.o
                0x0000000008001cec                SysTick_u8GetFlag
 *fill*         0x0000000008001d0c        0x4 
 .text.Systic_vDelay_ms
                0x0000000008001d10       0x98 ./Src/MCAL/SysTick/SysTick_program.o
                0x0000000008001d10                Systic_vDelay_ms
 .text.SysTick_Handler
                0x0000000008001da8       0x1c ./Src/MCAL/SysTick/SysTick_program.o
                0x0000000008001da8                SysTick_Handler
 .text.UART_vInit
                0x0000000008001dc4      0x27c ./Src/MCAL/UART/UART_prg.o
                0x0000000008001dc4                UART_vInit
 .text.UART_vTransmite
                0x0000000008002040       0xf0 ./Src/MCAL/UART/UART_prg.o
                0x0000000008002040                UART_vTransmite
 .text.UART_u8Recive
                0x0000000008002130      0x15c ./Src/MCAL/UART/UART_prg.o
                0x0000000008002130                UART_u8Recive
 .text.USART1_IRQHandler
                0x000000000800228c       0x14 ./Src/MCAL/UART/UART_prg.o
                0x000000000800228c                USART1_IRQHandler
 .text.USART2_IRQHandler
                0x00000000080022a0       0x14 ./Src/MCAL/UART/UART_prg.o
                0x00000000080022a0                USART2_IRQHandler
 .text.USART6_IRQHandler
                0x00000000080022b4       0x14 ./Src/MCAL/UART/UART_prg.o
                0x00000000080022b4                USART6_IRQHandler
 .text.Reset_Handler
                0x00000000080022c8       0x50 ./Startup/startup_stm32f401rctx.o
                0x00000000080022c8                Reset_Handler
 .text.Default_Handler
                0x0000000008002318        0x2 ./Startup/startup_stm32f401rctx.o
                0x0000000008002318                EXTI2_IRQHandler
                0x0000000008002318                DebugMon_Handler
                0x0000000008002318                SPI4_IRQHandler
                0x0000000008002318                TIM1_CC_IRQHandler
                0x0000000008002318                DMA2_Stream5_IRQHandler
                0x0000000008002318                HardFault_Handler
                0x0000000008002318                DMA1_Stream5_IRQHandler
                0x0000000008002318                SDIO_IRQHandler
                0x0000000008002318                TAMP_STAMP_IRQHandler
                0x0000000008002318                PendSV_Handler
                0x0000000008002318                NMI_Handler
                0x0000000008002318                EXTI3_IRQHandler
                0x0000000008002318                TIM1_UP_TIM10_IRQHandler
                0x0000000008002318                I2C3_ER_IRQHandler
                0x0000000008002318                EXTI18_OTG_FS_WKUP_IRQHandler
                0x0000000008002318                EXTI0_IRQHandler
                0x0000000008002318                I2C2_EV_IRQHandler
                0x0000000008002318                DMA1_Stream2_IRQHandler
                0x0000000008002318                UsageFault_Handler
                0x0000000008002318                DMA2_Stream2_IRQHandler
                0x0000000008002318                SPI1_IRQHandler
                0x0000000008002318                TIM1_BRK_TIM9_IRQHandler
                0x0000000008002318                DMA2_Stream3_IRQHandler
                0x0000000008002318                DMA2_Stream0_IRQHandler
                0x0000000008002318                TIM4_IRQHandler
                0x0000000008002318                I2C1_EV_IRQHandler
                0x0000000008002318                DMA1_Stream6_IRQHandler
                0x0000000008002318                DMA1_Stream1_IRQHandler
                0x0000000008002318                TIM3_IRQHandler
                0x0000000008002318                RCC_IRQHandler
                0x0000000008002318                Default_Handler
                0x0000000008002318                EXTI15_10_IRQHandler
                0x0000000008002318                ADC_IRQHandler
                0x0000000008002318                DMA1_Stream7_IRQHandler
                0x0000000008002318                TIM5_IRQHandler
                0x0000000008002318                DMA2_Stream7_IRQHandler
                0x0000000008002318                I2C3_EV_IRQHandler
                0x0000000008002318                EXTI9_5_IRQHandler
                0x0000000008002318                SPI2_IRQHandler
                0x0000000008002318                MemManage_Handler
                0x0000000008002318                DMA1_Stream0_IRQHandler
                0x0000000008002318                SVC_Handler
                0x0000000008002318                EXTI4_IRQHandler
                0x0000000008002318                EXTI22_RTC_WKUP_IRQHandler
                0x0000000008002318                TIM2_IRQHandler
                0x0000000008002318                EXTI16_PVD_IRQHandler
                0x0000000008002318                TIM1_TRG_COM_TIM11_IRQHandler
                0x0000000008002318                EXTI1_IRQHandler
                0x0000000008002318                EXTI17_RTC_Alarm_IRQHandler
                0x0000000008002318                I2C2_ER_IRQHandler
                0x0000000008002318                DMA2_Stream1_IRQHandler
                0x0000000008002318                FLASH_IRQHandler
                0x0000000008002318                DMA2_Stream4_IRQHandler
                0x0000000008002318                BusFault_Handler
                0x0000000008002318                OTG_FS_IRQHandler
                0x0000000008002318                SPI3_IRQHandler
                0x0000000008002318                DMA1_Stream4_IRQHandler
                0x0000000008002318                I2C1_ER_IRQHandler
                0x0000000008002318                DMA2_Stream6_IRQHandler
                0x0000000008002318                DMA1_Stream3_IRQHandler
 *fill*         0x000000000800231a        0x2 
 .text.__libc_init_array
                0x000000000800231c       0x48 C:/ST/STM32CubeIDE_1.13.2/STM32CubeIDE/plugins/com.st.stm32cube.ide.mcu.externaltools.gnu-tools-for-stm32.11.3.rel1.win32_1.1.1.202309131626/tools/bin/../lib/gcc/arm-none-eabi/11.3.1/../../../../arm-none-eabi/lib/thumb/v7e-m+fp/hard\libc_nano.a(libc_a-init.o)
                0x000000000800231c                __libc_init_array
 *(.glue_7)
 .glue_7        0x0000000008002364        0x0 linker stubs
 *(.glue_7t)
 .glue_7t       0x0000000008002364        0x0 linker stubs
 *(.eh_frame)
 .eh_frame      0x0000000008002364        0x0 C:/ST/STM32CubeIDE_1.13.2/STM32CubeIDE/plugins/com.st.stm32cube.ide.mcu.externaltools.gnu-tools-for-stm32.11.3.rel1.win32_1.1.1.202309131626/tools/bin/../lib/gcc/arm-none-eabi/11.3.1/thumb/v7e-m+fp/hard/crtbegin.o
 *(.init)
 .init          0x0000000008002364        0x4 C:/ST/STM32CubeIDE_1.13.2/STM32CubeIDE/plugins/com.st.stm32cube.ide.mcu.externaltools.gnu-tools-for-stm32.11.3.rel1.win32_1.1.1.202309131626/tools/bin/../lib/gcc/arm-none-eabi/11.3.1/thumb/v7e-m+fp/hard/crti.o
                0x0000000008002364                _init
 .init          0x0000000008002368        0x8 C:/ST/STM32CubeIDE_1.13.2/STM32CubeIDE/plugins/com.st.stm32cube.ide.mcu.externaltools.gnu-tools-for-stm32.11.3.rel1.win32_1.1.1.202309131626/tools/bin/../lib/gcc/arm-none-eabi/11.3.1/thumb/v7e-m+fp/hard/crtn.o
 *(.fini)
 .fini          0x0000000008002370        0x4 C:/ST/STM32CubeIDE_1.13.2/STM32CubeIDE/plugins/com.st.stm32cube.ide.mcu.externaltools.gnu-tools-for-stm32.11.3.rel1.win32_1.1.1.202309131626/tools/bin/../lib/gcc/arm-none-eabi/11.3.1/thumb/v7e-m+fp/hard/crti.o
                0x0000000008002370                _fini
 .fini          0x0000000008002374        0x8 C:/ST/STM32CubeIDE_1.13.2/STM32CubeIDE/plugins/com.st.stm32cube.ide.mcu.externaltools.gnu-tools-for-stm32.11.3.rel1.win32_1.1.1.202309131626/tools/bin/../lib/gcc/arm-none-eabi/11.3.1/thumb/v7e-m+fp/hard/crtn.o
                0x000000000800237c                . = ALIGN (0x4)
                0x000000000800237c                _etext = .

.vfp11_veneer   0x000000000800237c        0x0
 .vfp11_veneer  0x000000000800237c        0x0 linker stubs

.v4_bx          0x000000000800237c        0x0
 .v4_bx         0x000000000800237c        0x0 linker stubs

.iplt           0x000000000800237c        0x0
 .iplt          0x000000000800237c        0x0 C:/ST/STM32CubeIDE_1.13.2/STM32CubeIDE/plugins/com.st.stm32cube.ide.mcu.externaltools.gnu-tools-for-stm32.11.3.rel1.win32_1.1.1.202309131626/tools/bin/../lib/gcc/arm-none-eabi/11.3.1/thumb/v7e-m+fp/hard/crtbegin.o

.rodata         0x000000000800237c        0x8
                0x000000000800237c                . = ALIGN (0x4)
 *(.rodata)
 .rodata        0x000000000800237c        0x8 ./Src/App/main.o
 *(.rodata*)
                0x0000000008002384                . = ALIGN (0x4)

.rel.dyn        0x0000000008002384        0x0
 .rel.iplt      0x0000000008002384        0x0 C:/ST/STM32CubeIDE_1.13.2/STM32CubeIDE/plugins/com.st.stm32cube.ide.mcu.externaltools.gnu-tools-for-stm32.11.3.rel1.win32_1.1.1.202309131626/tools/bin/../lib/gcc/arm-none-eabi/11.3.1/thumb/v7e-m+fp/hard/crtbegin.o

.ARM.extab      0x0000000008002384        0x0
                0x0000000008002384                . = ALIGN (0x4)
 *(.ARM.extab* .gnu.linkonce.armextab.*)
                0x0000000008002384                . = ALIGN (0x4)

.ARM            0x0000000008002384        0x0
                0x0000000008002384                . = ALIGN (0x4)
                0x0000000008002384                __exidx_start = .
 *(.ARM.exidx*)
                0x0000000008002384                __exidx_end = .
                0x0000000008002384                . = ALIGN (0x4)

.preinit_array  0x0000000008002384        0x0
                0x0000000008002384                . = ALIGN (0x4)
                0x0000000008002384                PROVIDE (__preinit_array_start = .)
 *(.preinit_array*)
                0x0000000008002384                PROVIDE (__preinit_array_end = .)
                0x0000000008002384                . = ALIGN (0x4)

.init_array     0x0000000008002384        0x4
                0x0000000008002384                . = ALIGN (0x4)
                0x0000000008002384                PROVIDE (__init_array_start = .)
 *(SORT_BY_NAME(.init_array.*))
 *(.init_array*)
 .init_array    0x0000000008002384        0x4 C:/ST/STM32CubeIDE_1.13.2/STM32CubeIDE/plugins/com.st.stm32cube.ide.mcu.externaltools.gnu-tools-for-stm32.11.3.rel1.win32_1.1.1.202309131626/tools/bin/../lib/gcc/arm-none-eabi/11.3.1/thumb/v7e-m+fp/hard/crtbegin.o
                0x0000000008002388                PROVIDE (__init_array_end = .)
                0x0000000008002388                . = ALIGN (0x4)

.fini_array     0x0000000008002388        0x4
                0x0000000008002388                . = ALIGN (0x4)
                [!provide]                        PROVIDE (__fini_array_start = .)
 *(SORT_BY_NAME(.fini_array.*))
 *(.fini_array*)
 .fini_array    0x0000000008002388        0x4 C:/ST/STM32CubeIDE_1.13.2/STM32CubeIDE/plugins/com.st.stm32cube.ide.mcu.externaltools.gnu-tools-for-stm32.11.3.rel1.win32_1.1.1.202309131626/tools/bin/../lib/gcc/arm-none-eabi/11.3.1/thumb/v7e-m+fp/hard/crtbegin.o
                [!provide]                        PROVIDE (__fini_array_end = .)
                0x000000000800238c                . = ALIGN (0x4)
                0x000000000800238c                _sidata = LOADADDR (.data)

.data           0x0000000020000000        0x4 load address 0x000000000800238c
                0x0000000020000000                . = ALIGN (0x4)
                0x0000000020000000                _sdata = .
 *(.data)
 *(.data*)
 .data.Global_u8Gas_value_old
                0x0000000020000000        0x1 ./Src/App/main.o
                0x0000000020000000                Global_u8Gas_value_old
 *(.RamFunc)
 *(.RamFunc*)
                0x0000000020000004                . = ALIGN (0x4)
 *fill*         0x0000000020000001        0x3 
                0x0000000020000004                _edata = .

.igot.plt       0x0000000020000004        0x0 load address 0x0000000008002390
 .igot.plt      0x0000000020000004        0x0 C:/ST/STM32CubeIDE_1.13.2/STM32CubeIDE/plugins/com.st.stm32cube.ide.mcu.externaltools.gnu-tools-for-stm32.11.3.rel1.win32_1.1.1.202309131626/tools/bin/../lib/gcc/arm-none-eabi/11.3.1/thumb/v7e-m+fp/hard/crtbegin.o
                0x0000000020000004                . = ALIGN (0x4)

.bss            0x0000000020000004       0x40 load address 0x0000000008002390
                0x0000000020000004                _sbss = .
                0x0000000020000004                __bss_start__ = _sbss
 *(.bss)
 .bss           0x0000000020000004       0x1c C:/ST/STM32CubeIDE_1.13.2/STM32CubeIDE/plugins/com.st.stm32cube.ide.mcu.externaltools.gnu-tools-for-stm32.11.3.rel1.win32_1.1.1.202309131626/tools/bin/../lib/gcc/arm-none-eabi/11.3.1/thumb/v7e-m+fp/hard/crtbegin.o
 *(.bss*)
 .bss.Global_u8Temp_value
                0x0000000020000020        0x1 ./Src/App/main.o
                0x0000000020000020                Global_u8Temp_value
 *fill*         0x0000000020000021        0x3 
 .bss.recived_buffer
                0x0000000020000024        0x4 ./Src/App/main.o
                0x0000000020000024                recived_buffer
 .bss.recived_flag
                0x0000000020000028        0x1 ./Src/App/main.o
                0x0000000020000028                recived_flag
 .bss.tempAuto_flag
                0x0000000020000029        0x1 ./Src/App/main.o
                0x0000000020000029                tempAuto_flag
 .bss.counter   0x000000002000002a        0x1 ./Src/App/main.o
                0x000000002000002a                counter
 .bss.Global_u8Temp_value_old
                0x000000002000002b        0x1 ./Src/App/main.o
                0x000000002000002b                Global_u8Temp_value_old
 .bss.Global_u8GAS_value
                0x000000002000002c        0x1 ./Src/App/main.o
                0x000000002000002c                Global_u8GAS_value
 *fill*         0x000000002000002d        0x1 
 .bss.Global_u8LDR_value
                0x000000002000002e        0x2 ./Src/App/main.o
                0x000000002000002e                Global_u8LDR_value
 .bss.Global_u8LDR_value_old
                0x0000000020000030        0x2 ./Src/App/main.o
                0x0000000020000030                Global_u8LDR_value_old
 *fill*         0x0000000020000032        0x2 
 .bss.Global_pfuncCBF
                0x0000000020000034        0x4 ./Src/MCAL/SysTick/SysTick_program.o
 .bss.Global_Uart_Config1
                0x0000000020000038        0x4 ./Src/MCAL/UART/UART_prg.o
                0x0000000020000038                Global_Uart_Config1
 .bss.Global_Uart_Config2
                0x000000002000003c        0x4 ./Src/MCAL/UART/UART_prg.o
                0x000000002000003c                Global_Uart_Config2
 .bss.Global_Uart_Config6
                0x0000000020000040        0x4 ./Src/MCAL/UART/UART_prg.o
                0x0000000020000040                Global_Uart_Config6
 *(COMMON)
                0x0000000020000044                . = ALIGN (0x4)
                0x0000000020000044                _ebss = .
                0x0000000020000044                __bss_end__ = _ebss

._user_heap_stack
                0x0000000020000044      0x604 load address 0x0000000008002390
                0x0000000020000048                . = ALIGN (0x8)
 *fill*         0x0000000020000044        0x4 
                [!provide]                        PROVIDE (end = .)
                0x0000000020000048                PROVIDE (_end = .)
                0x0000000020000248                . = (. + _Min_Heap_Size)
 *fill*         0x0000000020000048      0x200 
                0x0000000020000648                . = (. + _Min_Stack_Size)
 *fill*         0x0000000020000248      0x400 
                0x0000000020000648                . = ALIGN (0x8)

/DISCARD/
 libc.a(*)
 libm.a(*)
 libgcc.a(*)

.ARM.attributes
                0x0000000000000000       0x30
 *(.ARM.attributes)
 .ARM.attributes
                0x0000000000000000       0x1e C:/ST/STM32CubeIDE_1.13.2/STM32CubeIDE/plugins/com.st.stm32cube.ide.mcu.externaltools.gnu-tools-for-stm32.11.3.rel1.win32_1.1.1.202309131626/tools/bin/../lib/gcc/arm-none-eabi/11.3.1/thumb/v7e-m+fp/hard/crti.o
 .ARM.attributes
                0x000000000000001e       0x34 C:/ST/STM32CubeIDE_1.13.2/STM32CubeIDE/plugins/com.st.stm32cube.ide.mcu.externaltools.gnu-tools-for-stm32.11.3.rel1.win32_1.1.1.202309131626/tools/bin/../lib/gcc/arm-none-eabi/11.3.1/thumb/v7e-m+fp/hard/crtbegin.o
 .ARM.attributes
                0x0000000000000052       0x34 ./Src/App/main.o
 .ARM.attributes
                0x0000000000000086       0x34 ./Src/HAL/LCD/LCD_prg.o
 .ARM.attributes
                0x00000000000000ba       0x34 ./Src/HAL/LDR/LDR_prog.o
 .ARM.attributes
                0x00000000000000ee       0x34 ./Src/HAL/LM35/LM35_program.o
 .ARM.attributes
                0x0000000000000122       0x34 ./Src/MCAL/ADC/ADC.o
 .ARM.attributes
                0x0000000000000156       0x34 ./Src/MCAL/GPIO/MGPIO_program.o
 .ARM.attributes
                0x000000000000018a       0x34 ./Src/MCAL/NVIC/NVIC_program.o
 .ARM.attributes
                0x00000000000001be       0x34 ./Src/MCAL/RCC/MRCC_prog.o
 .ARM.attributes
                0x00000000000001f2       0x34 ./Src/MCAL/SysTick/SysTick_program.o
 .ARM.attributes
                0x0000000000000226       0x34 ./Src/MCAL/UART/UART_prg.o
 .ARM.attributes
                0x000000000000025a       0x21 ./Startup/startup_stm32f401rctx.o
 .ARM.attributes
                0x000000000000027b       0x34 C:/ST/STM32CubeIDE_1.13.2/STM32CubeIDE/plugins/com.st.stm32cube.ide.mcu.externaltools.gnu-tools-for-stm32.11.3.rel1.win32_1.1.1.202309131626/tools/bin/../lib/gcc/arm-none-eabi/11.3.1/../../../../arm-none-eabi/lib/thumb/v7e-m+fp/hard\libc_nano.a(libc_a-init.o)
 .ARM.attributes
                0x00000000000002af       0x1e C:/ST/STM32CubeIDE_1.13.2/STM32CubeIDE/plugins/com.st.stm32cube.ide.mcu.externaltools.gnu-tools-for-stm32.11.3.rel1.win32_1.1.1.202309131626/tools/bin/../lib/gcc/arm-none-eabi/11.3.1/thumb/v7e-m+fp/hard\libgcc.a(_arm_addsubdf3.o)
 .ARM.attributes
                0x00000000000002cd       0x1e C:/ST/STM32CubeIDE_1.13.2/STM32CubeIDE/plugins/com.st.stm32cube.ide.mcu.externaltools.gnu-tools-for-stm32.11.3.rel1.win32_1.1.1.202309131626/tools/bin/../lib/gcc/arm-none-eabi/11.3.1/thumb/v7e-m+fp/hard\libgcc.a(_arm_muldivdf3.o)
 .ARM.attributes
                0x00000000000002eb       0x1e C:/ST/STM32CubeIDE_1.13.2/STM32CubeIDE/plugins/com.st.stm32cube.ide.mcu.externaltools.gnu-tools-for-stm32.11.3.rel1.win32_1.1.1.202309131626/tools/bin/../lib/gcc/arm-none-eabi/11.3.1/thumb/v7e-m+fp/hard\libgcc.a(_arm_fixunsdfsi.o)
 .ARM.attributes
                0x0000000000000309       0x1e C:/ST/STM32CubeIDE_1.13.2/STM32CubeIDE/plugins/com.st.stm32cube.ide.mcu.externaltools.gnu-tools-for-stm32.11.3.rel1.win32_1.1.1.202309131626/tools/bin/../lib/gcc/arm-none-eabi/11.3.1/thumb/v7e-m+fp/hard/crtn.o
OUTPUT(CI_Proj.elf elf32-littlearm)
LOAD linker stubs
LOAD C:/ST/STM32CubeIDE_1.13.2/STM32CubeIDE/plugins/com.st.stm32cube.ide.mcu.externaltools.gnu-tools-for-stm32.11.3.rel1.win32_1.1.1.202309131626/tools/bin/../lib/gcc/arm-none-eabi/11.3.1/../../../../arm-none-eabi/lib/thumb/v7e-m+fp/hard\libc.a
LOAD C:/ST/STM32CubeIDE_1.13.2/STM32CubeIDE/plugins/com.st.stm32cube.ide.mcu.externaltools.gnu-tools-for-stm32.11.3.rel1.win32_1.1.1.202309131626/tools/bin/../lib/gcc/arm-none-eabi/11.3.1/../../../../arm-none-eabi/lib/thumb/v7e-m+fp/hard\libm.a
LOAD C:/ST/STM32CubeIDE_1.13.2/STM32CubeIDE/plugins/com.st.stm32cube.ide.mcu.externaltools.gnu-tools-for-stm32.11.3.rel1.win32_1.1.1.202309131626/tools/bin/../lib/gcc/arm-none-eabi/11.3.1/thumb/v7e-m+fp/hard\libgcc.a

.comment        0x0000000000000000       0x43
 .comment       0x0000000000000000       0x43 C:/ST/STM32CubeIDE_1.13.2/STM32CubeIDE/plugins/com.st.stm32cube.ide.mcu.externaltools.gnu-tools-for-stm32.11.3.rel1.win32_1.1.1.202309131626/tools/bin/../lib/gcc/arm-none-eabi/11.3.1/thumb/v7e-m+fp/hard/crtbegin.o
                                         0x44 (size before relaxing)
 .comment       0x0000000000000043       0x44 ./Src/App/main.o
 .comment       0x0000000000000043       0x44 ./Src/HAL/LCD/LCD_prg.o
 .comment       0x0000000000000043       0x44 ./Src/HAL/LDR/LDR_prog.o
 .comment       0x0000000000000043       0x44 ./Src/HAL/LM35/LM35_program.o
 .comment       0x0000000000000043       0x44 ./Src/MCAL/ADC/ADC.o
 .comment       0x0000000000000043       0x44 ./Src/MCAL/GPIO/MGPIO_program.o
 .comment       0x0000000000000043       0x44 ./Src/MCAL/NVIC/NVIC_program.o
 .comment       0x0000000000000043       0x44 ./Src/MCAL/RCC/MRCC_prog.o
 .comment       0x0000000000000043       0x44 ./Src/MCAL/SysTick/SysTick_program.o
 .comment       0x0000000000000043       0x44 ./Src/MCAL/UART/UART_prg.o

.debug_info     0x0000000000000000     0x1a2d
 .debug_info    0x0000000000000000      0x50f ./Src/App/main.o
 .debug_info    0x000000000000050f      0x2c0 ./Src/HAL/LCD/LCD_prg.o
 .debug_info    0x00000000000007cf       0xe5 ./Src/HAL/LDR/LDR_prog.o
 .debug_info    0x00000000000008b4       0xf0 ./Src/HAL/LM35/LM35_program.o
 .debug_info    0x00000000000009a4      0x1ac ./Src/MCAL/ADC/ADC.o
 .debug_info    0x0000000000000b50      0x372 ./Src/MCAL/GPIO/MGPIO_program.o
 .debug_info    0x0000000000000ec2      0x2ad ./Src/MCAL/NVIC/NVIC_program.o
 .debug_info    0x000000000000116f      0x3bb ./Src/MCAL/RCC/MRCC_prog.o
 .debug_info    0x000000000000152a      0x22d ./Src/MCAL/SysTick/SysTick_program.o
 .debug_info    0x0000000000001757      0x2b3 ./Src/MCAL/UART/UART_prg.o
 .debug_info    0x0000000000001a0a       0x23 ./Startup/startup_stm32f401rctx.o

.debug_abbrev   0x0000000000000000      0xc13
 .debug_abbrev  0x0000000000000000      0x1b9 ./Src/App/main.o
 .debug_abbrev  0x00000000000001b9      0x18c ./Src/HAL/LCD/LCD_prg.o
 .debug_abbrev  0x0000000000000345       0xc9 ./Src/HAL/LDR/LDR_prog.o
 .debug_abbrev  0x000000000000040e       0xcb ./Src/HAL/LM35/LM35_program.o
 .debug_abbrev  0x00000000000004d9       0xc5 ./Src/MCAL/ADC/ADC.o
 .debug_abbrev  0x000000000000059e      0x12c ./Src/MCAL/GPIO/MGPIO_program.o
 .debug_abbrev  0x00000000000006ca      0x124 ./Src/MCAL/NVIC/NVIC_program.o
 .debug_abbrev  0x00000000000007ee      0x163 ./Src/MCAL/RCC/MRCC_prog.o
 .debug_abbrev  0x0000000000000951      0x15e ./Src/MCAL/SysTick/SysTick_program.o
 .debug_abbrev  0x0000000000000aaf      0x152 ./Src/MCAL/UART/UART_prg.o
 .debug_abbrev  0x0000000000000c01       0x12 ./Startup/startup_stm32f401rctx.o

.debug_aranges  0x0000000000000000      0x2e0
 .debug_aranges
                0x0000000000000000       0x48 ./Src/App/main.o
 .debug_aranges
                0x0000000000000048       0x58 ./Src/HAL/LCD/LCD_prg.o
 .debug_aranges
                0x00000000000000a0       0x28 ./Src/HAL/LDR/LDR_prog.o
 .debug_aranges
                0x00000000000000c8       0x28 ./Src/HAL/LM35/LM35_program.o
 .debug_aranges
                0x00000000000000f0       0x28 ./Src/MCAL/ADC/ADC.o
 .debug_aranges
                0x0000000000000118       0x68 ./Src/MCAL/GPIO/MGPIO_program.o
 .debug_aranges
                0x0000000000000180       0x38 ./Src/MCAL/NVIC/NVIC_program.o
 .debug_aranges
                0x00000000000001b8       0x48 ./Src/MCAL/RCC/MRCC_prog.o
 .debug_aranges
                0x0000000000000200       0x70 ./Src/MCAL/SysTick/SysTick_program.o
 .debug_aranges
                0x0000000000000270       0x48 ./Src/MCAL/UART/UART_prg.o
 .debug_aranges
                0x00000000000002b8       0x28 ./Startup/startup_stm32f401rctx.o

.debug_rnglists
                0x0000000000000000      0x20b
 .debug_rnglists
                0x0000000000000000       0x34 ./Src/App/main.o
 .debug_rnglists
                0x0000000000000034       0x41 ./Src/HAL/LCD/LCD_prg.o
 .debug_rnglists
                0x0000000000000075       0x19 ./Src/HAL/LDR/LDR_prog.o
 .debug_rnglists
                0x000000000000008e       0x19 ./Src/HAL/LM35/LM35_program.o
 .debug_rnglists
                0x00000000000000a7       0x19 ./Src/MCAL/ADC/ADC.o
 .debug_rnglists
                0x00000000000000c0       0x53 ./Src/MCAL/GPIO/MGPIO_program.o
 .debug_rnglists
                0x0000000000000113       0x26 ./Src/MCAL/NVIC/NVIC_program.o
 .debug_rnglists
                0x0000000000000139       0x34 ./Src/MCAL/RCC/MRCC_prog.o
 .debug_rnglists
                0x000000000000016d       0x51 ./Src/MCAL/SysTick/SysTick_program.o
 .debug_rnglists
                0x00000000000001be       0x34 ./Src/MCAL/UART/UART_prg.o
 .debug_rnglists
                0x00000000000001f2       0x19 ./Startup/startup_stm32f401rctx.o

.debug_macro    0x0000000000000000     0x1985
 .debug_macro   0x0000000000000000       0xd8 ./Src/App/main.o
 .debug_macro   0x00000000000000d8      0xaae ./Src/App/main.o
 .debug_macro   0x0000000000000b86       0x64 ./Src/App/main.o
 .debug_macro   0x0000000000000bea       0x1c ./Src/App/main.o
 .debug_macro   0x0000000000000c06       0x9a ./Src/App/main.o
 .debug_macro   0x0000000000000ca0       0x1c ./Src/App/main.o
 .debug_macro   0x0000000000000cbc      0x18e ./Src/App/main.o
 .debug_macro   0x0000000000000e4a      0x1c7 ./Src/App/main.o
 .debug_macro   0x0000000000001011      0x151 ./Src/App/main.o
 .debug_macro   0x0000000000001162       0x3a ./Src/App/main.o
 .debug_macro   0x000000000000119c       0x10 ./Src/App/main.o
 .debug_macro   0x00000000000011ac       0x58 ./Src/App/main.o
 .debug_macro   0x0000000000001204       0xbe ./Src/App/main.o
 .debug_macro   0x00000000000012c2       0xca ./Src/App/main.o
 .debug_macro   0x000000000000138c       0xdc ./Src/App/main.o
 .debug_macro   0x0000000000001468       0x6b ./Src/HAL/LCD/LCD_prg.o
 .debug_macro   0x00000000000014d3       0x50 ./Src/HAL/LDR/LDR_prog.o
 .debug_macro   0x0000000000001523       0x64 ./Src/HAL/LM35/LM35_program.o
 .debug_macro   0x0000000000001587       0x3e ./Src/MCAL/ADC/ADC.o
 .debug_macro   0x00000000000015c5       0x45 ./Src/MCAL/GPIO/MGPIO_program.o
 .debug_macro   0x000000000000160a       0x36 ./Src/MCAL/NVIC/NVIC_program.o
 .debug_macro   0x0000000000001640       0x28 ./Src/MCAL/NVIC/NVIC_program.o
 .debug_macro   0x0000000000001668       0x44 ./Src/MCAL/RCC/MRCC_prog.o
 .debug_macro   0x00000000000016ac      0x18e ./Src/MCAL/RCC/MRCC_prog.o
 .debug_macro   0x000000000000183a       0x3f ./Src/MCAL/SysTick/SysTick_program.o
 .debug_macro   0x0000000000001879       0x40 ./Src/MCAL/SysTick/SysTick_program.o
 .debug_macro   0x00000000000018b9       0x1c ./Src/MCAL/SysTick/SysTick_program.o
 .debug_macro   0x00000000000018d5       0x6c ./Src/MCAL/UART/UART_prg.o
 .debug_macro   0x0000000000001941       0x2e ./Src/MCAL/UART/UART_prg.o
 .debug_macro   0x000000000000196f       0x16 ./Src/MCAL/UART/UART_prg.o

.debug_line     0x0000000000000000     0x1d20
 .debug_line    0x0000000000000000      0x515 ./Src/App/main.o
 .debug_line    0x0000000000000515      0x349 ./Src/HAL/LCD/LCD_prg.o
 .debug_line    0x000000000000085e      0x14f ./Src/HAL/LDR/LDR_prog.o
 .debug_line    0x00000000000009ad      0x187 ./Src/HAL/LM35/LM35_program.o
 .debug_line    0x0000000000000b34       0xf5 ./Src/MCAL/ADC/ADC.o
 .debug_line    0x0000000000000c29      0x66f ./Src/MCAL/GPIO/MGPIO_program.o
 .debug_line    0x0000000000001298      0x180 ./Src/MCAL/NVIC/NVIC_program.o
 .debug_line    0x0000000000001418      0x23a ./Src/MCAL/RCC/MRCC_prog.o
 .debug_line    0x0000000000001652      0x26c ./Src/MCAL/SysTick/SysTick_program.o
 .debug_line    0x00000000000018be      0x3e7 ./Src/MCAL/UART/UART_prg.o
 .debug_line    0x0000000000001ca5       0x7b ./Startup/startup_stm32f401rctx.o

.debug_str      0x0000000000000000     0x70ad
 .debug_str     0x0000000000000000     0x605d ./Src/App/main.o
                                       0x60d8 (size before relaxing)
 .debug_str     0x000000000000605d      0x14f ./Src/HAL/LCD/LCD_prg.o
                                       0x4f8a (size before relaxing)
 .debug_str     0x00000000000061ac       0x5f ./Src/HAL/LDR/LDR_prog.o
                                       0x330c (size before relaxing)
 .debug_str     0x000000000000620b       0x51 ./Src/HAL/LM35/LM35_program.o
                                       0x3333 (size before relaxing)
 .debug_str     0x000000000000625c       0x68 ./Src/MCAL/ADC/ADC.o
                                       0x330f (size before relaxing)
 .debug_str     0x00000000000062c4      0x16b ./Src/MCAL/GPIO/MGPIO_program.o
                                       0x459a (size before relaxing)
 .debug_str     0x000000000000642f      0x29c ./Src/MCAL/NVIC/NVIC_program.o
                                       0x3372 (size before relaxing)
 .debug_str     0x00000000000066cb      0x1e3 ./Src/MCAL/RCC/MRCC_prog.o
                                       0x3dce (size before relaxing)
 .debug_str     0x00000000000068ae      0x363 ./Src/MCAL/SysTick/SysTick_program.o
                                       0x347a (size before relaxing)
 .debug_str     0x0000000000006c11      0x46d ./Src/MCAL/UART/UART_prg.o
                                       0x397d (size before relaxing)
 .debug_str     0x000000000000707e       0x2f ./Startup/startup_stm32f401rctx.o
                                         0x6a (size before relaxing)

.debug_frame    0x0000000000000000      0x9c0
 .debug_frame   0x0000000000000000       0xcc ./Src/App/main.o
 .debug_frame   0x00000000000000cc      0x120 ./Src/HAL/LCD/LCD_prg.o
 .debug_frame   0x00000000000001ec       0x50 ./Src/HAL/LDR/LDR_prog.o
 .debug_frame   0x000000000000023c       0x50 ./Src/HAL/LM35/LM35_program.o
 .debug_frame   0x000000000000028c       0x58 ./Src/MCAL/ADC/ADC.o
 .debug_frame   0x00000000000002e4      0x1a0 ./Src/MCAL/GPIO/MGPIO_program.o
 .debug_frame   0x0000000000000484       0xb0 ./Src/MCAL/NVIC/NVIC_program.o
 .debug_frame   0x0000000000000534       0xe4 ./Src/MCAL/RCC/MRCC_prog.o
 .debug_frame   0x0000000000000618      0x180 ./Src/MCAL/SysTick/SysTick_program.o
 .debug_frame   0x0000000000000798       0xdc ./Src/MCAL/UART/UART_prg.o
 .debug_frame   0x0000000000000874       0x2c C:/ST/STM32CubeIDE_1.13.2/STM32CubeIDE/plugins/com.st.stm32cube.ide.mcu.externaltools.gnu-tools-for-stm32.11.3.rel1.win32_1.1.1.202309131626/tools/bin/../lib/gcc/arm-none-eabi/11.3.1/../../../../arm-none-eabi/lib/thumb/v7e-m+fp/hard\libc_nano.a(libc_a-init.o)
 .debug_frame   0x00000000000008a0       0xac C:/ST/STM32CubeIDE_1.13.2/STM32CubeIDE/plugins/com.st.stm32cube.ide.mcu.externaltools.gnu-tools-for-stm32.11.3.rel1.win32_1.1.1.202309131626/tools/bin/../lib/gcc/arm-none-eabi/11.3.1/thumb/v7e-m+fp/hard\libgcc.a(_arm_addsubdf3.o)
 .debug_frame   0x000000000000094c       0x50 C:/ST/STM32CubeIDE_1.13.2/STM32CubeIDE/plugins/com.st.stm32cube.ide.mcu.externaltools.gnu-tools-for-stm32.11.3.rel1.win32_1.1.1.202309131626/tools/bin/../lib/gcc/arm-none-eabi/11.3.1/thumb/v7e-m+fp/hard\libgcc.a(_arm_muldivdf3.o)
 .debug_frame   0x000000000000099c       0x24 C:/ST/STM32CubeIDE_1.13.2/STM32CubeIDE/plugins/com.st.stm32cube.ide.mcu.externaltools.gnu-tools-for-stm32.11.3.rel1.win32_1.1.1.202309131626/tools/bin/../lib/gcc/arm-none-eabi/11.3.1/thumb/v7e-m+fp/hard\libgcc.a(_arm_fixunsdfsi.o)

.debug_line_str
                0x0000000000000000       0x5e
 .debug_line_str
                0x0000000000000000       0x5e ./Startup/startup_stm32f401rctx.o
                                         0x76 (size before relaxing)
