../Src/MCAL/SysTick/SysTick_program.c:29:6:SysTick_vInit	4	static
../Src/MCAL/SysTick/SysTick_program.c:57:6:SysTick_vSetValue	16	static
../Src/MCAL/SysTick/SysTick_program.c:67:6:SysTick_start_time	4	static
../Src/MCAL/SysTick/SysTick_program.c:75:5:SysTick_stop_and_return_time	4	static
../Src/MCAL/SysTick/SysTick_program.c:84:5:SysTick_u32GetRemainingTime	4	static
../Src/MCAL/SysTick/SysTick_program.c:92:5:SysTick_u32GetElapsedTime	4	static
../Src/MCAL/SysTick/SysTick_program.c:100:4:SysTick_u8GetFlag	4	static
../Src/MCAL/SysTick/SysTick_program.c:108:6:Systic_vDelay_ms	24	static
../Src/MCAL/SysTick/SysTick_program.c:125:6:Systic_vDelay_us	24	static
../Src/MCAL/SysTick/SysTick_program.c:143:6:SysTick_Handler	8	static
../Src/MCAL/SysTick/SysTick_program.c:150:6:Systickk_vPerodic	16	static
